// Jest Snapshot v1, https://goo.gl/fbAQLP

exports[`PokemonOptions Component debe de hacer match con el snapshot 1`] = `
<div class="options-container">
  <ul>
    <li data-aos="zoom-in-up" data-aos-duration="800">bulbasaur</li>
    <li data-aos="zoom-in-up" data-aos-duration="800">ivysaur</li>
    <li data-aos="zoom-in-up" data-aos-duration="800">venusaur</li>
    <li data-aos="zoom-in-up" data-aos-duration="800">charmander</li>
  </ul>
</div>
`;
